[02:05:45] hold starting: 180s packing=rowpair mode=flat
[02:05:45] pre: xochitl=active uptime=33676s charger=1
[02:05:45] guardian armed (270s)
[02:05:45] stopping xochitl
[02:05:47] starting probe: --hold 180 --pack rowpair --hold-flat
[02:05:47.499] watchdog armed at 270 seconds
[02:05:47.499] SET_MASTER granted
[02:05:47.499] resources: 1 crtc, 1 connector, 1 encoder
[02:05:47.499] connector 36: type=7 connection=1 modes=1 0mm x 0mm
[02:05:47.499]   mode[0] 405x1084 @85 vrefresh=85 clock=54000
[02:05:47.499] using connector 36, crtc 34, mode 405x1084
[02:05:47.499] saved CRTC state: fb=0 mode_valid=0 x=0 y=0
[02:05:47.502] CREATE_DUMB: 405x1084 bpp=32 pitch=1620 size=1756080
[02:05:47.502] panel model: 1620x2160 at 4bpp -> 1620 bytes/row needed, fb provides 1620
[02:05:47.502] ADDFB: fb_id=37
[02:05:47.502] mmap ok at 0xffff80bc8000
[02:05:47.543] SETCRTC accepted: crtc 34 scanning fb 37 (405x1084)
[02:05:47.543] CLEAR: 10 black/white cycles at 600ms per state
[02:05:52] 5s in: probe alive=yes conn=enabled vcom=enabled/1
[02:06:00.257] CLEAR: done
[02:06:00.258] FLAT phase 1/3: full-field BLACK, static, 60s
[02:06:00.264] FLAT BLACK tick 0
[02:06:01.264] FLAT BLACK tick 1
[02:06:02.264] FLAT BLACK tick 2
[02:06:03.264] FLAT BLACK tick 3
[02:06:04.264] FLAT BLACK tick 4
[02:06:05.264] FLAT BLACK tick 5
[02:06:06.265] FLAT BLACK tick 6
[02:06:07.265] FLAT BLACK tick 7
[02:06:08.265] FLAT BLACK tick 8
[02:06:09.265] FLAT BLACK tick 9
[02:06:10.265] FLAT BLACK tick 10
[02:06:11.266] FLAT BLACK tick 11
[02:06:12.266] FLAT BLACK tick 12
[02:06:13.266] FLAT BLACK tick 13
[02:06:14.266] FLAT BLACK tick 14
[02:06:15.266] FLAT BLACK tick 15
[02:06:16.267] FLAT BLACK tick 16
[02:06:17.267] FLAT BLACK tick 17
[02:06:18.267] FLAT BLACK tick 18
[02:06:19.267] FLAT BLACK tick 19
[02:06:20.267] FLAT BLACK tick 20
[02:06:21.268] FLAT BLACK tick 21
[02:06:22.268] FLAT BLACK tick 22
[02:06:23.268] FLAT BLACK tick 23
[02:06:24.268] FLAT BLACK tick 24
[02:06:25.268] FLAT BLACK tick 25
[02:06:26.269] FLAT BLACK tick 26
[02:06:27.269] FLAT BLACK tick 27
[02:06:28.269] FLAT BLACK tick 28
[02:06:29.269] FLAT BLACK tick 29
[02:06:30.269] FLAT BLACK tick 30
[02:06:31.270] FLAT BLACK tick 31
[02:06:32.270] FLAT BLACK tick 32
[02:06:33.270] FLAT BLACK tick 33
[02:06:34.270] FLAT BLACK tick 34
[02:06:35.270] FLAT BLACK tick 35
[02:06:36.270] FLAT BLACK tick 36
[02:06:37.271] FLAT BLACK tick 37
[02:06:38.271] FLAT BLACK tick 38
[02:06:39.271] FLAT BLACK tick 39
[02:06:40.271] FLAT BLACK tick 40
[02:06:41.271] FLAT BLACK tick 41
[02:06:42.272] FLAT BLACK tick 42
[02:06:43.272] FLAT BLACK tick 43
[02:06:44.272] FLAT BLACK tick 44
[02:06:45.272] FLAT BLACK tick 45
[02:06:46.272] FLAT BLACK tick 46
[02:06:47.273] FLAT BLACK tick 47
[02:06:48.273] FLAT BLACK tick 48
[02:06:49.273] FLAT BLACK tick 49
[02:06:50.273] FLAT BLACK tick 50
[02:06:51.273] FLAT BLACK tick 51
[02:06:52.273] FLAT BLACK tick 52
[02:06:53.274] FLAT BLACK tick 53
[02:06:54.274] FLAT BLACK tick 54
[02:06:55.274] FLAT BLACK tick 55
[02:06:56.274] FLAT BLACK tick 56
[02:06:57.274] FLAT BLACK tick 57
[02:06:58.275] FLAT BLACK tick 58
[02:06:59.275] FLAT BLACK tick 59
[02:07:00.275] FLAT phase 2/3: full-field WHITE, static, 60s
[02:07:00.281] FLAT WHITE tick 0
[02:07:01.281] FLAT WHITE tick 1
[02:07:02.281] FLAT WHITE tick 2
[02:07:03.282] FLAT WHITE tick 3
[02:07:04.282] FLAT WHITE tick 4
[02:07:05.282] FLAT WHITE tick 5
[02:07:06.282] FLAT WHITE tick 6
[02:07:07.282] FLAT WHITE tick 7
[02:07:08.283] FLAT WHITE tick 8
[02:07:09.283] FLAT WHITE tick 9
[02:07:10.283] FLAT WHITE tick 10
[02:07:11.283] FLAT WHITE tick 11
[02:07:12.283] FLAT WHITE tick 12
[02:07:13.283] FLAT WHITE tick 13
[02:07:14.284] FLAT WHITE tick 14
[02:07:15.284] FLAT WHITE tick 15
[02:07:16.284] FLAT WHITE tick 16
[02:07:17.284] FLAT WHITE tick 17
[02:07:18.284] FLAT WHITE tick 18
[02:07:19.285] FLAT WHITE tick 19
[02:07:20.285] FLAT WHITE tick 20
[02:07:21.285] FLAT WHITE tick 21
[02:07:22.285] FLAT WHITE tick 22
[02:07:23.285] FLAT WHITE tick 23
[02:07:24.286] FLAT WHITE tick 24
[02:07:25.286] FLAT WHITE tick 25
[02:07:26.286] FLAT WHITE tick 26
[02:07:27.286] FLAT WHITE tick 27
[02:07:28.286] FLAT WHITE tick 28
[02:07:29.287] FLAT WHITE tick 29
[02:07:30.287] FLAT WHITE tick 30
[02:07:31.287] FLAT WHITE tick 31
[02:07:32.287] FLAT WHITE tick 32
[02:07:33.287] FLAT WHITE tick 33
[02:07:34.288] FLAT WHITE tick 34
[02:07:35.288] FLAT WHITE tick 35
[02:07:36.288] FLAT WHITE tick 36
[02:07:37.288] FLAT WHITE tick 37
[02:07:38.288] FLAT WHITE tick 38
[02:07:39.288] FLAT WHITE tick 39
[02:07:40.289] FLAT WHITE tick 40
[02:07:41.289] FLAT WHITE tick 41
[02:07:42.289] FLAT WHITE tick 42
[02:07:43.289] FLAT WHITE tick 43
[02:07:44.289] FLAT WHITE tick 44
[02:07:45.290] FLAT WHITE tick 45
[02:07:46.290] FLAT WHITE tick 46
[02:07:47.290] FLAT WHITE tick 47
[02:07:48.290] FLAT WHITE tick 48
[02:07:49.290] FLAT WHITE tick 49
[02:07:50.291] FLAT WHITE tick 50
[02:07:51.291] FLAT WHITE tick 51
[02:07:52.291] FLAT WHITE tick 52
[02:07:53.291] FLAT WHITE tick 53
[02:07:54.291] FLAT WHITE tick 54
[02:07:55.292] FLAT WHITE tick 55
[02:07:56.292] FLAT WHITE tick 56
[02:07:57.292] FLAT WHITE tick 57
[02:07:58.292] FLAT WHITE tick 58
[02:07:59.292] FLAT WHITE tick 59
[02:08:00.292] FLAT phase 3/3: full-field BLACK, static, 60s
[02:08:00.299] FLAT BLACK tick 0
[02:08:01.299] FLAT BLACK tick 1
[02:08:02.299] FLAT BLACK tick 2
[02:08:03.299] FLAT BLACK tick 3
[02:08:04.299] FLAT BLACK tick 4
[02:08:05.299] FLAT BLACK tick 5
[02:08:06.300] FLAT BLACK tick 6
[02:08:07.300] FLAT BLACK tick 7
[02:08:08.300] FLAT BLACK tick 8
[02:08:09.300] FLAT BLACK tick 9
[02:08:10.300] FLAT BLACK tick 10
[02:08:11.301] FLAT BLACK tick 11
[02:08:12.301] FLAT BLACK tick 12
[02:08:13.301] FLAT BLACK tick 13
[02:08:14.301] FLAT BLACK tick 14
[02:08:15.301] FLAT BLACK tick 15
[02:08:16.302] FLAT BLACK tick 16
[02:08:17.302] FLAT BLACK tick 17
[02:08:18.302] FLAT BLACK tick 18
[02:08:19.302] FLAT BLACK tick 19
[02:08:20.302] FLAT BLACK tick 20
[02:08:21.302] FLAT BLACK tick 21
[02:08:22.303] FLAT BLACK tick 22
[02:08:23.303] FLAT BLACK tick 23
[02:08:24.303] FLAT BLACK tick 24
[02:08:25.303] FLAT BLACK tick 25
[02:08:26.303] FLAT BLACK tick 26
[02:08:27.304] FLAT BLACK tick 27
[02:08:28.304] FLAT BLACK tick 28
[02:08:29.304] FLAT BLACK tick 29
[02:08:30.304] FLAT BLACK tick 30
[02:08:31.304] FLAT BLACK tick 31
[02:08:32.305] FLAT BLACK tick 32
[02:08:33.305] FLAT BLACK tick 33
[02:08:34.305] FLAT BLACK tick 34
[02:08:35.305] FLAT BLACK tick 35
[02:08:36.305] FLAT BLACK tick 36
[02:08:37.306] FLAT BLACK tick 37
[02:08:38.306] FLAT BLACK tick 38
[02:08:39.306] FLAT BLACK tick 39
[02:08:40.306] FLAT BLACK tick 40
[02:08:41.306] FLAT BLACK tick 41
[02:08:42.306] FLAT BLACK tick 42
[02:08:43.307] FLAT BLACK tick 43
[02:08:44.307] FLAT BLACK tick 44
[02:08:45.307] FLAT BLACK tick 45
[02:08:46.307] FLAT BLACK tick 46
[02:08:47.307] FLAT BLACK tick 47
[02:08:48.308] FLAT BLACK tick 48
[02:08:49.308] FLAT BLACK tick 49
[02:08:50.308] FLAT BLACK tick 50
[02:08:51.308] FLAT BLACK tick 51
[02:08:52.308] FLAT BLACK tick 52
[02:08:53.308] FLAT BLACK tick 53
[02:08:54.309] FLAT BLACK tick 54
[02:08:55.309] FLAT BLACK tick 55
[02:08:56.309] FLAT BLACK tick 56
[02:08:57.309] FLAT BLACK tick 57
[02:08:58.309] FLAT BLACK tick 58
[02:08:59.309] FLAT BLACK tick 59
[02:09:00.310] FLAT complete
[02:09:00.310] CLEAR: 10 black/white cycles at 600ms per state
[02:09:13.033] CLEAR: done
[02:09:13.037] restore: CRTC 34 returned to saved state (fb=0 mode_valid=0)
[02:09:13.037] restore: DRM master dropped
[02:09:13.037] restore: complete
[02:09:13] probe exited rc=0
[02:09:13] === restore begins ===
[02:09:15] post: xochitl=active pid=31624
[02:09:15] post: system=running failed=[]
[02:09:15] post: /home=mounted notebooks=53
[02:09:15] post: conn=disabled
[02:09:15] DONE
[02:09:15] === restore complete ===
